
> frontend@0.0.0 test
> vitest run


[1m[30m[46m RUN [49m[39m[22m [36mv4.1.5 [39m[90mC:/Users/manis/.gemini/antigravity/scratch/steller level 3/frontend[39m

node.exe : [90mstderr[2m | src/App.test.jsx[2m > [22m[2mApp Component[2m > [22m[2mrenders the header and 
connect wallet button
At line:1 char:1
+ & "C:\Program Files\nodejs/node.exe" "C:\Program Files\nodejs/node_mo ...
+ ~~~~~~~~~~~~~~~~~~~~~~~~~~~~~~~~~~~~~~~~~~~~~~~~~~~~~~~~~~~~~~~~~~~~~
    + CategoryInfo          : NotSpecified: ([90mstderr[2m...t wallet button:String) [], RemoteException
    + FullyQualifiedErrorId : NativeCommandError
 
[22m[39mAn update to App inside a test was not wrapped in act(...).

When testing, code that causes React state updates should be wrapped into act(...):

act(() => {
  /* fire events that update state */
});
/* assert on the output */

This ensures that you're testing the behavior the user would see in the browser. Learn more at 
https://react.dev/link/wrap-tests-with-act

 [32mΓ£ô[39m src/App.test.jsx [2m([22m[2m3 tests[22m[2m)[22m[32m 137[2mms[22m[39m

[2m Test Files [22m [1m[32m1 passed[39m[22m[90m (1)[39m
[2m      Tests [22m [1m[32m3 passed[39m[22m[90m (3)[39m
[2m   Start at [22m 16:17:34
[2m   Duration [22m 2.43s[2m (transform 125ms, setup 0ms, import 428ms, tests 137ms, environment 1.43s)[22m

